
> hotel-management-system@0.0.0 build
> vite build

[36mvite v7.3.1 [32mbuilding client environment for production...[36m[39m
transforming...
[32mÔ£ô[39m 73 modules transformed.
node.exe : [31mÔ£ù[39m 
Build failed in 916ms
At line:1 char:1
+ & "C:\Program 
Files\nodejs/node.exe" 
"C:\Program 
Files\nodejs/node_mo ...
+ ~~~~~~~~~~~~~~~~~~~~~~~~~
~~~~~~~~~~~~~~~~~~~~~~~~~~~
~~~~~~~~~~~~~~~~~
    + CategoryInfo         
     : NotSpecified: ([3  
  1mÔ£ù[39m Build faile   
 d in 916ms:String) [],    
 RemoteException
    + FullyQualifiedErrorI 
   d : NativeCommandError
 
[31merror during build:
[31m[vite:esbuild] 
Transform failed with 1 
error:
C:/Users/Efrath Jahangir/De
sktop/Git/Hotel-management-
system/src/component/Featur
edDestination.jsx:5:0: 
ERROR: Expected "from" but 
found "import"[31m
file: [36mC:/Users/Efrath 
Jahangir/Desktop/Git/Hotel-
management-system/src/compo
nent/FeaturedDestination.js
x:5:0[31m
[33m
[33mExpected "from" but 
found "import"[33m
3  |  import HotelCard 
from './HotelCard'
4  |  import T
5  |  import { useNavigate 
} from 'react-router-dom';
   |  ^
6  |  const 
FeaturedDestination = () 
=> {
7  |      const navigate = 
useNavigate();
[31m
    at failureErrorWithLog 
(C:\Users\Efrath Jahangir\D
esktop\Git\Hotel-management
-system\node_modules\esbuil
d\lib\main.js:1467:15)
    at C:\Users\Efrath Jaha
ngir\Desktop\Git\Hotel-mana
gement-system\node_modules\
esbuild\lib\main.js:736:50
    at responseCallbacks.<c
omputed> (C:\Users\Efrath J
ahangir\Desktop\Git\Hotel-m
anagement-system\node_modul
es\esbuild\lib\main.js:603:
9)
    at 
handleIncomingPacket 
(C:\Users\Efrath Jahangir\D
esktop\Git\Hotel-management
-system\node_modules\esbuil
d\lib\main.js:658:12)
    at 
Socket.readFromStdout 
(C:\Users\Efrath Jahangir\D
esktop\Git\Hotel-management
-system\node_modules\esbuil
d\lib\main.js:581:7)
    at Socket.emit 
(node:events:508:28)
    at addChunk (node:inter
nal/streams/readable:559:12
)
    at readableAddChunkPush
ByteMode (node:internal/str
eams/readable:510:3)
    at Readable.push (node:
internal/streams/readable:3
90:5)
    at Pipe.onStreamRead (n
ode:internal/stream_base_co
mmons:189:23)[39m
